2026-09-19  2:35:50 0 [Note] Starting MariaDB 13.0.2-MariaDB source revision 620a4b5624222048fece7fe1789978ae0675cae2 server_uid j4rFzodAn7yNgFxCJBGCG/uo0p0= as process 16592
2026-09-19  2:35:50 0 [Note] InnoDB: The first data file './ibdata1' did not exist. A new tablespace will be created!
2026-09-19  2:35:50 0 [Note] InnoDB: Compressed tables use zlib 1.3.2
2026-09-19  2:35:50 0 [Note] InnoDB: Number of transaction pools: 1
2026-09-19  2:35:50 0 [Note] InnoDB: Using crc32 + pclmulqdq instructions
2026-09-19  2:35:50 0 [Note] InnoDB: Using ThreadPool
2026-09-19  2:35:50 0 [Note] InnoDB: innodb_buffer_pool_size_max=8388608m, innodb_buffer_pool_size=21m
2026-09-19  2:35:50 0 [Note] InnoDB: Completed initialization of buffer pool
2026-09-19  2:35:50 0 [Note] InnoDB: Setting file './ibdata1' size to 12.000MiB. Physically writing the file full; Please wait ...
2026-09-19  2:35:50 0 [Note] InnoDB: File './ibdata1' size is now 12.000MiB.
2026-09-19  2:35:50 0 [Note] InnoDB: File system buffers for log disabled (block size=512 bytes)
2026-09-19  2:35:50 0 [Note] InnoDB: Data file .//undo001 did not exist: new to be created
2026-09-19  2:35:50 0 [Note] InnoDB: Setting file .//undo001 size to 10.000MiB
2026-09-19  2:35:50 0 [Note] InnoDB: Database physically writes the file full: wait...
2026-09-19  2:35:50 0 [Note] InnoDB: Data file .//undo002 did not exist: new to be created
2026-09-19  2:35:50 0 [Note] InnoDB: Setting file .//undo002 size to 10.000MiB
2026-09-19  2:35:50 0 [Note] InnoDB: Database physically writes the file full: wait...
2026-09-19  2:35:50 0 [Note] InnoDB: Data file .//undo003 did not exist: new to be created
2026-09-19  2:35:50 0 [Note] InnoDB: Setting file .//undo003 size to 10.000MiB
2026-09-19  2:35:50 0 [Note] InnoDB: Database physically writes the file full: wait...
2026-09-19  2:35:50 0 [Note] InnoDB: Doublewrite buffer not found: creating new
2026-09-19  2:35:50 0 [Note] InnoDB: Doublewrite buffer created
2026-09-19  2:35:50 0 [Note] InnoDB: Opened 3 undo tablespaces
2026-09-19  2:35:50 0 [Note] InnoDB: 128 rollback segments in 3 undo tablespaces are active.
2026-09-19  2:35:50 0 [Note] InnoDB: Setting file './ibtmp1' size to 12.000MiB. Physically writing the file full; Please wait ...
2026-09-19  2:35:50 0 [Note] InnoDB: File './ibtmp1' size is now 12.000MiB.
2026-09-19  2:35:50 0 [Note] InnoDB: log sequence number 0; transaction id 3
2026-09-19  2:35:50 0 [Note] Plugin 'FEEDBACK' is disabled.
2026-09-19  2:35:50 0 [Note] mysqld.exe: SSPI: using principal name 'localhost', mech 'Negotiate'
ERROR: 1  Can't create/write to file '.\sys\x@0024statements_with_runtimes_in_95th_percentile.frm~' (Errcode: 2 "No such file or directory")
2026-09-19  2:35:51 0 [ERROR] Aborting
